Archive member included to satisfy reference by file (symbol)

/opt/homebrew/Cellar/arm-none-eabi-gcc/10.3-2021.07/gcc/bin/../lib/gcc/arm-none-eabi/10.3.1/thumb/v7e-m/nofp/libgcc.a(_aeabi_uldivmod.o)
                              CMakeFiles/STM32F401-t1.elf.dir/Drivers/STM32F4xx_HAL_Driver/Src/stm32f4xx_hal_rcc.c.obj (__aeabi_uldivmod)
/opt/homebrew/Cellar/arm-none-eabi-gcc/10.3-2021.07/gcc/bin/../lib/gcc/arm-none-eabi/10.3.1/thumb/v7e-m/nofp/libgcc.a(_udivmoddi4.o)
                              /opt/homebrew/Cellar/arm-none-eabi-gcc/10.3-2021.07/gcc/bin/../lib/gcc/arm-none-eabi/10.3.1/thumb/v7e-m/nofp/libgcc.a(_aeabi_uldivmod.o) (__udivmoddi4)
/opt/homebrew/Cellar/arm-none-eabi-gcc/10.3-2021.07/gcc/bin/../lib/gcc/arm-none-eabi/10.3.1/thumb/v7e-m/nofp/libgcc.a(_dvmd_tls.o)
                              /opt/homebrew/Cellar/arm-none-eabi-gcc/10.3-2021.07/gcc/bin/../lib/gcc/arm-none-eabi/10.3.1/thumb/v7e-m/nofp/libgcc.a(_aeabi_uldivmod.o) (__aeabi_ldiv0)
/opt/homebrew/Cellar/arm-none-eabi-gcc/10.3-2021.07/gcc/bin/../lib/gcc/arm-none-eabi/10.3.1/../../../../arm-none-eabi/lib/thumb/v7e-m/nofp/libg.a(lib_a-errno.o)
                              CMakeFiles/STM32F401-t1.elf.dir/Core/Src/syscalls.c.obj (__errno)
/opt/homebrew/Cellar/arm-none-eabi-gcc/10.3-2021.07/gcc/bin/../lib/gcc/arm-none-eabi/10.3.1/../../../../arm-none-eabi/lib/thumb/v7e-m/nofp/libg.a(lib_a-exit.o)
                              /opt/homebrew/Cellar/arm-none-eabi-gcc/10.3-2021.07/gcc/bin/../lib/gcc/arm-none-eabi/10.3.1/../../../../arm-none-eabi/lib/thumb/v7e-m/nofp/crt0.o (exit)
/opt/homebrew/Cellar/arm-none-eabi-gcc/10.3-2021.07/gcc/bin/../lib/gcc/arm-none-eabi/10.3.1/../../../../arm-none-eabi/lib/thumb/v7e-m/nofp/libg.a(lib_a-impure.o)
                              /opt/homebrew/Cellar/arm-none-eabi-gcc/10.3-2021.07/gcc/bin/../lib/gcc/arm-none-eabi/10.3.1/../../../../arm-none-eabi/lib/thumb/v7e-m/nofp/libg.a(lib_a-exit.o) (_global_impure_ptr)
/opt/homebrew/Cellar/arm-none-eabi-gcc/10.3-2021.07/gcc/bin/../lib/gcc/arm-none-eabi/10.3.1/../../../../arm-none-eabi/lib/thumb/v7e-m/nofp/libg.a(lib_a-init.o)
                              /opt/homebrew/Cellar/arm-none-eabi-gcc/10.3-2021.07/gcc/bin/../lib/gcc/arm-none-eabi/10.3.1/../../../../arm-none-eabi/lib/thumb/v7e-m/nofp/crt0.o (__libc_init_array)
/opt/homebrew/Cellar/arm-none-eabi-gcc/10.3-2021.07/gcc/bin/../lib/gcc/arm-none-eabi/10.3.1/../../../../arm-none-eabi/lib/thumb/v7e-m/nofp/libg.a(lib_a-memset.o)
                              /opt/homebrew/Cellar/arm-none-eabi-gcc/10.3-2021.07/gcc/bin/../lib/gcc/arm-none-eabi/10.3.1/../../../../arm-none-eabi/lib/thumb/v7e-m/nofp/crt0.o (memset)
/opt/homebrew/Cellar/arm-none-eabi-gcc/10.3-2021.07/gcc/bin/../lib/gcc/arm-none-eabi/10.3.1/../../../../arm-none-eabi/lib/thumb/v7e-m/nofp/libg.a(lib_a-__call_atexit.o)
                              /opt/homebrew/Cellar/arm-none-eabi-gcc/10.3-2021.07/gcc/bin/../lib/gcc/arm-none-eabi/10.3.1/../../../../arm-none-eabi/lib/thumb/v7e-m/nofp/libg.a(lib_a-exit.o) (__call_exitprocs)
/opt/homebrew/Cellar/arm-none-eabi-gcc/10.3-2021.07/gcc/bin/../lib/gcc/arm-none-eabi/10.3.1/../../../../arm-none-eabi/lib/thumb/v7e-m/nofp/libg.a(lib_a-atexit.o)
                              /opt/homebrew/Cellar/arm-none-eabi-gcc/10.3-2021.07/gcc/bin/../lib/gcc/arm-none-eabi/10.3.1/../../../../arm-none-eabi/lib/thumb/v7e-m/nofp/libg.a(lib_a-__call_atexit.o) (atexit)
/opt/homebrew/Cellar/arm-none-eabi-gcc/10.3-2021.07/gcc/bin/../lib/gcc/arm-none-eabi/10.3.1/../../../../arm-none-eabi/lib/thumb/v7e-m/nofp/libg.a(lib_a-fini.o)
                              /opt/homebrew/Cellar/arm-none-eabi-gcc/10.3-2021.07/gcc/bin/../lib/gcc/arm-none-eabi/10.3.1/../../../../arm-none-eabi/lib/thumb/v7e-m/nofp/libg.a(lib_a-__call_atexit.o) (__libc_fini_array)
/opt/homebrew/Cellar/arm-none-eabi-gcc/10.3-2021.07/gcc/bin/../lib/gcc/arm-none-eabi/10.3.1/../../../../arm-none-eabi/lib/thumb/v7e-m/nofp/libg.a(lib_a-lock.o)
                              /opt/homebrew/Cellar/arm-none-eabi-gcc/10.3-2021.07/gcc/bin/../lib/gcc/arm-none-eabi/10.3.1/../../../../arm-none-eabi/lib/thumb/v7e-m/nofp/libg.a(lib_a-__call_atexit.o) (__retarget_lock_acquire_recursive)
/opt/homebrew/Cellar/arm-none-eabi-gcc/10.3-2021.07/gcc/bin/../lib/gcc/arm-none-eabi/10.3.1/../../../../arm-none-eabi/lib/thumb/v7e-m/nofp/libg.a(lib_a-__atexit.o)
                              /opt/homebrew/Cellar/arm-none-eabi-gcc/10.3-2021.07/gcc/bin/../lib/gcc/arm-none-eabi/10.3.1/../../../../arm-none-eabi/lib/thumb/v7e-m/nofp/libg.a(lib_a-atexit.o) (__register_exitproc)

Discarded input sections

 .text          0x0000000000000000        0x0 /opt/homebrew/Cellar/arm-none-eabi-gcc/10.3-2021.07/gcc/bin/../lib/gcc/arm-none-eabi/10.3.1/thumb/v7e-m/nofp/crti.o
 .data          0x0000000000000000        0x0 /opt/homebrew/Cellar/arm-none-eabi-gcc/10.3-2021.07/gcc/bin/../lib/gcc/arm-none-eabi/10.3.1/thumb/v7e-m/nofp/crti.o
[...]
Memory Configuration

Name             Origin             Length             Attributes
RAM              0x0000000020000000 0x0000000000010000 xrw
FLASH            0x0000000008000000 0x0000000000040000 xr
*default*        0x0000000000000000 0xffffffffffffffff

Linker script and memory map

LOAD /opt/homebrew/Cellar/arm-none-eabi-gcc/10.3-2021.07/gcc/bin/../lib/gcc/arm-none-eabi/10.3.1/thumb/v7e-m/nofp/crti.o
LOAD /opt/homebrew/Cellar/arm-none-eabi-gcc/10.3-2021.07/gcc/bin/../lib/gcc/arm-none-eabi/10.3.1/thumb/v7e-m/nofp/crtbegin.o
LOAD /opt/homebrew/Cellar/arm-none-eabi-gcc/10.3-2021.07/gcc/bin/../lib/gcc/arm-none-eabi/10.3.1/../../../../arm-none-eabi/lib/thumb/v7e-m/nofp/crt0.o
LOAD CMakeFiles/STM32F401-t1.elf.dir/Core/Src/ST7789/fonts.c.obj
LOAD CMakeFiles/STM32F401-t1.elf.dir/Core/Src/ST7789/st7789.c.obj
LOAD CMakeFiles/STM32F401-t1.elf.dir/Core/Src/dma.c.obj
LOAD CMakeFiles/STM32F401-t1.elf.dir/Core/Src/gpio.c.obj
LOAD CMakeFiles/STM32F401-t1.elf.dir/Core/Src/main.c.obj
LOAD CMakeFiles/STM32F401-t1.elf.dir/Core/Src/spi.c.obj
LOAD CMakeFiles/STM32F401-t1.elf.dir/Core/Src/stm32f4xx_hal_msp.c.obj
LOAD CMakeFiles/STM32F401-t1.elf.dir/Core/Src/stm32f4xx_it.c.obj
LOAD CMakeFiles/STM32F401-t1.elf.dir/Core/Src/syscalls.c.obj
LOAD CMakeFiles/STM32F401-t1.elf.dir/Core/Src/sysmem.c.obj
LOAD CMakeFiles/STM32F401-t1.elf.dir/Core/Src/system_stm32f4xx.c.obj
LOAD CMakeFiles/STM32F401-t1.elf.dir/Core/Startup/startup_stm32f401rctx.s.obj
LOAD CMakeFiles/STM32F401-t1.elf.dir/Drivers/STM32F4xx_HAL_Driver/Src/stm32f4xx_hal.c.obj
LOAD CMakeFiles/STM32F401-t1.elf.dir/Drivers/STM32F4xx_HAL_Driver/Src/stm32f4xx_hal_cortex.c.obj
LOAD CMakeFiles/STM32F401-t1.elf.dir/Drivers/STM32F4xx_HAL_Driver/Src/stm32f4xx_hal_dma.c.obj
LOAD CMakeFiles/STM32F401-t1.elf.dir/Drivers/STM32F4xx_HAL_Driver/Src/stm32f4xx_hal_dma_ex.c.obj
LOAD CMakeFiles/STM32F401-t1.elf.dir/Drivers/STM32F4xx_HAL_Driver/Src/stm32f4xx_hal_exti.c.obj
LOAD CMakeFiles/STM32F401-t1.elf.dir/Drivers/STM32F4xx_HAL_Driver/Src/stm32f4xx_hal_flash.c.obj
LOAD CMakeFiles/STM32F401-t1.elf.dir/Drivers/STM32F4xx_HAL_Driver/Src/stm32f4xx_hal_flash_ex.c.obj
LOAD CMakeFiles/STM32F401-t1.elf.dir/Drivers/STM32F4xx_HAL_Driver/Src/stm32f4xx_hal_flash_ramfunc.c.obj
LOAD CMakeFiles/STM32F401-t1.elf.dir/Drivers/STM32F4xx_HAL_Driver/Src/stm32f4xx_hal_gpio.c.obj
LOAD CMakeFiles/STM32F401-t1.elf.dir/Drivers/STM32F4xx_HAL_Driver/Src/stm32f4xx_hal_pwr.c.obj
LOAD CMakeFiles/STM32F401-t1.elf.dir/Drivers/STM32F4xx_HAL_Driver/Src/stm32f4xx_hal_pwr_ex.c.obj
LOAD CMakeFiles/STM32F401-t1.elf.dir/Drivers/STM32F4xx_HAL_Driver/Src/stm32f4xx_hal_rcc.c.obj
LOAD CMakeFiles/STM32F401-t1.elf.dir/Drivers/STM32F4xx_HAL_Driver/Src/stm32f4xx_hal_rcc_ex.c.obj
LOAD CMakeFiles/STM32F401-t1.elf.dir/Drivers/STM32F4xx_HAL_Driver/Src/stm32f4xx_hal_spi.c.obj
LOAD CMakeFiles/STM32F401-t1.elf.dir/Drivers/STM32F4xx_HAL_Driver/Src/stm32f4xx_hal_tim.c.obj
LOAD CMakeFiles/STM32F401-t1.elf.dir/Drivers/STM32F4xx_HAL_Driver/Src/stm32f4xx_hal_tim_ex.c.obj
START GROUP
LOAD /opt/homebrew/Cellar/arm-none-eabi-gcc/10.3-2021.07/gcc/bin/../lib/gcc/arm-none-eabi/10.3.1/thumb/v7e-m/nofp/libgcc.a
LOAD /opt/homebrew/Cellar/arm-none-eabi-gcc/10.3-2021.07/gcc/bin/../lib/gcc/arm-none-eabi/10.3.1/../../../../arm-none-eabi/lib/thumb/v7e-m/nofp/libg.a
LOAD /opt/homebrew/Cellar/arm-none-eabi-gcc/10.3-2021.07/gcc/bin/../lib/gcc/arm-none-eabi/10.3.1/../../../../arm-none-eabi/lib/thumb/v7e-m/nofp/libc.a
END GROUP
LOAD /opt/homebrew/Cellar/arm-none-eabi-gcc/10.3-2021.07/gcc/bin/../lib/gcc/arm-none-eabi/10.3.1/thumb/v7e-m/nofp/crtend.o
LOAD /opt/homebrew/Cellar/arm-none-eabi-gcc/10.3-2021.07/gcc/bin/../lib/gcc/arm-none-eabi/10.3.1/thumb/v7e-m/nofp/crtn.o
                0x0000000020010000                _estack = (ORIGIN (RAM) + LENGTH (RAM))
                0x0000000000000200                _Min_Heap_Size = 0x200
                0x0000000000000400                _Min_Stack_Size = 0x400

.isr_vector     0x0000000008000000      0x194
                0x0000000008000000                . = ALIGN (0x4)
 *(.isr_vector)
 .isr_vector    0x0000000008000000      0x194 CMakeFiles/STM32F401-t1.elf.dir/Core/Startup/startup_stm32f401rctx.s.obj
                0x0000000008000000                g_pfnVectors
                0x0000000008000194                . = ALIGN (0x4)

.text           0x0000000008000194     0x2970
                0x0000000008000194                . = ALIGN (0x4)
 *(.text)
 .text          0x0000000008000194       0x40 /opt/homebrew/Cellar/arm-none-eabi-gcc/10.3-2021.07/gcc/bin/../lib/gcc/arm-none-eabi/10.3.1/thumb/v7e-m/nofp/crtbegin.o
 .text          0x00000000080001d4       0x30 /opt/homebrew/Cellar/arm-none-eabi-gcc/10.3-2021.07/gcc/bin/../lib/gcc/arm-none-eabi/10.3.1/thumb/v7e-m/nofp/libgcc.a(_aeabi_uldivmod.o)
                0x00000000080001d4                __aeabi_uldivmod
 .text          0x0000000008000204      0x2d0 /opt/homebrew/Cellar/arm-none-eabi-gcc/10.3-2021.07/gcc/bin/../lib/gcc/arm-none-eabi/10.3.1/thumb/v7e-m/nofp/libgcc.a(_udivmoddi4.o)
                0x0000000008000204                __udivmoddi4
 .text          0x00000000080004d4        0x4 /opt/homebrew/Cellar/arm-none-eabi-gcc/10.3-2021.07/gcc/bin/../lib/gcc/arm-none-eabi/10.3.1/thumb/v7e-m/nofp/libgcc.a(_dvmd_tls.o)
                0x00000000080004d4                __aeabi_ldiv0
                0x00000000080004d4                __aeabi_idiv0
 *(.text*)
 .text.ST7789_WriteCommand
                0x00000000080004d8       0x44 CMakeFiles/STM32F401-t1.elf.dir/Core/Src/ST7789/st7789.c.obj
 .text.ST7789_WriteSmallData
                0x000000000800051c       0x44 CMakeFiles/STM32F401-t1.elf.dir/Core/Src/ST7789/st7789.c.obj
 .text.ST7789_WriteData
                0x0000000008000560       0x78 CMakeFiles/STM32F401-t1.elf.dir/Core/Src/ST7789/st7789.c.obj
 .text.ST7789_SetAddressWindow
                0x00000000080005d8       0x80 CMakeFiles/STM32F401-t1.elf.dir/Core/Src/ST7789/st7789.c.obj
 .text.ST7789_SetRotation
                0x0000000008000658       0x36 CMakeFiles/STM32F401-t1.elf.dir/Core/Src/ST7789/st7789.c.obj
                0x0000000008000658                ST7789_SetRotation
 *fill*         0x000000000800068e        0x2 
 .text.ST7789_Fill_Color
                0x0000000008000690       0x54 CMakeFiles/STM32F401-t1.elf.dir/Core/Src/ST7789/st7789.c.obj
                0x0000000008000690                ST7789_Fill_Color
 .text.ST7789_Init
                0x00000000080006e4      0x14c CMakeFiles/STM32F401-t1.elf.dir/Core/Src/ST7789/st7789.c.obj
                0x00000000080006e4                ST7789_Init
 .text.ST7789_DrawPixel
                0x0000000008000830       0x4c CMakeFiles/STM32F401-t1.elf.dir/Core/Src/ST7789/st7789.c.obj
                0x0000000008000830                ST7789_DrawPixel
 .text.ST7789_DrawLine
                0x000000000800087c       0xba CMakeFiles/STM32F401-t1.elf.dir/Core/Src/ST7789/st7789.c.obj
                0x000000000800087c                ST7789_DrawLine
 *fill*         0x0000000008000936        0x2 
 .text.ST7789_DrawRectangle
                0x0000000008000938       0x74 CMakeFiles/STM32F401-t1.elf.dir/Core/Src/ST7789/st7789.c.obj
                0x0000000008000938                ST7789_DrawRectangle
 .text.ST7789_DrawCircle
                0x00000000080009ac      0x150 CMakeFiles/STM32F401-t1.elf.dir/Core/Src/ST7789/st7789.c.obj
                0x00000000080009ac                ST7789_DrawCircle
 .text.ST7789_DrawImage
                0x0000000008000afc       0x6c CMakeFiles/STM32F401-t1.elf.dir/Core/Src/ST7789/st7789.c.obj
                0x0000000008000afc                ST7789_DrawImage
 .text.ST7789_WriteChar
                0x0000000008000b68       0xb4 CMakeFiles/STM32F401-t1.elf.dir/Core/Src/ST7789/st7789.c.obj
                0x0000000008000b68                ST7789_WriteChar
 .text.ST7789_WriteString
                0x0000000008000c1c       0x84 CMakeFiles/STM32F401-t1.elf.dir/Core/Src/ST7789/st7789.c.obj
                0x0000000008000c1c                ST7789_WriteString
 .text.ST7789_DrawFilledRectangle
                0x0000000008000ca0       0x80 CMakeFiles/STM32F401-t1.elf.dir/Core/Src/ST7789/st7789.c.obj
                0x0000000008000ca0                ST7789_DrawFilledRectangle
 .text.ST7789_DrawTriangle
                0x0000000008000d20       0x6c CMakeFiles/STM32F401-t1.elf.dir/Core/Src/ST7789/st7789.c.obj
                0x0000000008000d20                ST7789_DrawTriangle
 .text.ST7789_DrawFilledTriangle
                0x0000000008000d8c      0x108 CMakeFiles/STM32F401-t1.elf.dir/Core/Src/ST7789/st7789.c.obj
                0x0000000008000d8c                ST7789_DrawFilledTriangle
 .text.ST7789_DrawFilledCircle
                0x0000000008000e94      0x140 CMakeFiles/STM32F401-t1.elf.dir/Core/Src/ST7789/st7789.c.obj
                0x0000000008000e94                ST7789_DrawFilledCircle
 .text.ST7789_Test
                0x0000000008000fd4      0x300 CMakeFiles/STM32F401-t1.elf.dir/Core/Src/ST7789/st7789.c.obj
                0x0000000008000fd4                ST7789_Test
 .text.MX_DMA_Init
                0x00000000080012d4       0x44 CMakeFiles/STM32F401-t1.elf.dir/Core/Src/dma.c.obj
                0x00000000080012d4                MX_DMA_Init
 .text.MX_GPIO_Init
                0x0000000008001318       0x7c CMakeFiles/STM32F401-t1.elf.dir/Core/Src/gpio.c.obj
                0x0000000008001318                MX_GPIO_Init
 .text.Error_Handler
                0x0000000008001394        0x4 CMakeFiles/STM32F401-t1.elf.dir/Core/Src/main.c.obj
                0x0000000008001394                Error_Handler
 .text.SystemClock_Config
                0x0000000008001398       0xa8 CMakeFiles/STM32F401-t1.elf.dir/Core/Src/main.c.obj
                0x0000000008001398                SystemClock_Config
 .text.main     0x0000000008001440       0x30 CMakeFiles/STM32F401-t1.elf.dir/Core/Src/main.c.obj
                0x0000000008001440                main
 .text.MX_SPI1_Init
                0x0000000008001470       0x44 CMakeFiles/STM32F401-t1.elf.dir/Core/Src/spi.c.obj
                0x0000000008001470                MX_SPI1_Init
 .text.HAL_SPI_MspInit
                0x00000000080014b4       0xf0 CMakeFiles/STM32F401-t1.elf.dir/Core/Src/spi.c.obj
                0x00000000080014b4                HAL_SPI_MspInit
 .text.HAL_MspInit
                0x00000000080015a4       0x38 CMakeFiles/STM32F401-t1.elf.dir/Core/Src/stm32f4xx_hal_msp.c.obj
                0x00000000080015a4                HAL_MspInit
 .text.NMI_Handler
                0x00000000080015dc        0x2 CMakeFiles/STM32F401-t1.elf.dir/Core/Src/stm32f4xx_it.c.obj
                0x00000000080015dc                NMI_Handler
 .text.HardFault_Handler
                0x00000000080015de        0x2 CMakeFiles/STM32F401-t1.elf.dir/Core/Src/stm32f4xx_it.c.obj
                0x00000000080015de                HardFault_Handler
 .text.MemManage_Handler
                0x00000000080015e0        0x2 CMakeFiles/STM32F401-t1.elf.dir/Core/Src/stm32f4xx_it.c.obj
                0x00000000080015e0                MemManage_Handler
 .text.BusFault_Handler
                0x00000000080015e2        0x2 CMakeFiles/STM32F401-t1.elf.dir/Core/Src/stm32f4xx_it.c.obj
                0x00000000080015e2                BusFault_Handler
 .text.UsageFault_Handler
                0x00000000080015e4        0x2 CMakeFiles/STM32F401-t1.elf.dir/Core/Src/stm32f4xx_it.c.obj
                0x00000000080015e4                UsageFault_Handler
 .text.SVC_Handler
                0x00000000080015e6        0x2 CMakeFiles/STM32F401-t1.elf.dir/Core/Src/stm32f4xx_it.c.obj
                0x00000000080015e6                SVC_Handler
 .text.DebugMon_Handler
                0x00000000080015e8        0x2 CMakeFiles/STM32F401-t1.elf.dir/Core/Src/stm32f4xx_it.c.obj
                0x00000000080015e8                DebugMon_Handler
 .text.PendSV_Handler
                0x00000000080015ea        0x2 CMakeFiles/STM32F401-t1.elf.dir/Core/Src/stm32f4xx_it.c.obj
                0x00000000080015ea                PendSV_Handler
 .text.SysTick_Handler
                0x00000000080015ec        0x8 CMakeFiles/STM32F401-t1.elf.dir/Core/Src/stm32f4xx_it.c.obj
                0x00000000080015ec                SysTick_Handler
 .text.DMA2_Stream0_IRQHandler
                0x00000000080015f4       0x10 CMakeFiles/STM32F401-t1.elf.dir/Core/Src/stm32f4xx_it.c.obj
                0x00000000080015f4                DMA2_Stream0_IRQHandler
 .text.DMA2_Stream3_IRQHandler
                0x0000000008001604       0x10 CMakeFiles/STM32F401-t1.elf.dir/Core/Src/stm32f4xx_it.c.obj
                0x0000000008001604                DMA2_Stream3_IRQHandler
 .text.SystemInit
                0x0000000008001614        0x2 CMakeFiles/STM32F401-t1.elf.dir/Core/Src/system_stm32f4xx.c.obj
                0x0000000008001614                SystemInit
 *fill*         0x0000000008001616        0x2 
 .text.Reset_Handler
                0x0000000008001618       0x50 CMakeFiles/STM32F401-t1.elf.dir/Core/Startup/startup_stm32f401rctx.s.obj
                0x0000000008001618                Reset_Handler
 .text.Default_Handler
                0x0000000008001668        0x2 CMakeFiles/STM32F401-t1.elf.dir/Core/Startup/startup_stm32f401rctx.s.obj
                0x0000000008001668                DMA1_Stream3_IRQHandler
                0x0000000008001668                EXTI2_IRQHandler
                0x0000000008001668                SPI4_IRQHandler
                0x0000000008001668                TIM1_CC_IRQHandler
                0x0000000008001668                DMA2_Stream5_IRQHandler
                0x0000000008001668                DMA1_Stream5_IRQHandler
                0x0000000008001668                PVD_IRQHandler
                0x0000000008001668                SDIO_IRQHandler
                0x0000000008001668                TAMP_STAMP_IRQHandler
                0x0000000008001668                EXTI3_IRQHandler
                0x0000000008001668                TIM1_UP_TIM10_IRQHandler
                0x0000000008001668                I2C3_ER_IRQHandler
                0x0000000008001668                EXTI0_IRQHandler
                0x0000000008001668                I2C2_EV_IRQHandler
                0x0000000008001668                DMA1_Stream2_IRQHandler
                0x0000000008001668                FPU_IRQHandler
                0x0000000008001668                DMA2_Stream2_IRQHandler
                0x0000000008001668                SPI1_IRQHandler
                0x0000000008001668                TIM1_BRK_TIM9_IRQHandler
                0x0000000008001668                USART6_IRQHandler
                0x0000000008001668                TIM4_IRQHandler
                0x0000000008001668                I2C1_EV_IRQHandler
                0x0000000008001668                DMA1_Stream6_IRQHandler
                0x0000000008001668                DMA1_Stream1_IRQHandler
                0x0000000008001668                TIM3_IRQHandler
                0x0000000008001668                RCC_IRQHandler
                0x0000000008001668                Default_Handler
                0x0000000008001668                EXTI15_10_IRQHandler
                0x0000000008001668                ADC_IRQHandler
                0x0000000008001668                DMA1_Stream7_IRQHandler
                0x0000000008001668                TIM5_IRQHandler
                0x0000000008001668                DMA2_Stream7_IRQHandler
                0x0000000008001668                I2C3_EV_IRQHandler
                0x0000000008001668                EXTI9_5_IRQHandler
                0x0000000008001668                RTC_WKUP_IRQHandler
                0x0000000008001668                SPI2_IRQHandler
                0x0000000008001668                DMA1_Stream0_IRQHandler
                0x0000000008001668                EXTI4_IRQHandler
                0x0000000008001668                WWDG_IRQHandler
                0x0000000008001668                TIM2_IRQHandler
                0x0000000008001668                OTG_FS_WKUP_IRQHandler
                0x0000000008001668                TIM1_TRG_COM_TIM11_IRQHandler
                0x0000000008001668                EXTI1_IRQHandler
                0x0000000008001668                USART2_IRQHandler
                0x0000000008001668                I2C2_ER_IRQHandler
                0x0000000008001668                DMA2_Stream1_IRQHandler
                0x0000000008001668                FLASH_IRQHandler
                0x0000000008001668                DMA2_Stream4_IRQHandler
                0x0000000008001668                USART1_IRQHandler
                0x0000000008001668                OTG_FS_IRQHandler
                0x0000000008001668                SPI3_IRQHandler
                0x0000000008001668                DMA1_Stream4_IRQHandler
                0x0000000008001668                I2C1_ER_IRQHandler
                0x0000000008001668                DMA2_Stream6_IRQHandler
                0x0000000008001668                RTC_Alarm_IRQHandler
 *fill*         0x000000000800166a        0x2 
 .text.HAL_InitTick
                0x000000000800166c       0x4c CMakeFiles/STM32F401-t1.elf.dir/Drivers/STM32F4xx_HAL_Driver/Src/stm32f4xx_hal.c.obj
                0x000000000800166c                HAL_InitTick
 .text.HAL_Init
                0x00000000080016b8       0x34 CMakeFiles/STM32F401-t1.elf.dir/Drivers/STM32F4xx_HAL_Driver/Src/stm32f4xx_hal.c.obj
                0x00000000080016b8                HAL_Init
 .text.HAL_IncTick
                0x00000000080016ec       0x18 CMakeFiles/STM32F401-t1.elf.dir/Drivers/STM32F4xx_HAL_Driver/Src/stm32f4xx_hal.c.obj
                0x00000000080016ec                HAL_IncTick
 .text.HAL_GetTick
                0x0000000008001704        0xc CMakeFiles/STM32F401-t1.elf.dir/Drivers/STM32F4xx_HAL_Driver/Src/stm32f4xx_hal.c.obj
                0x0000000008001704                HAL_GetTick
 .text.HAL_Delay
                0x0000000008001710       0x28 CMakeFiles/STM32F401-t1.elf.dir/Drivers/STM32F4xx_HAL_Driver/Src/stm32f4xx_hal.c.obj
                0x0000000008001710                HAL_Delay
 .text.HAL_NVIC_SetPriorityGrouping
                0x0000000008001738       0x24 CMakeFiles/STM32F401-t1.elf.dir/Drivers/STM32F4xx_HAL_Driver/Src/stm32f4xx_hal_cortex.c.obj
                0x0000000008001738                HAL_NVIC_SetPriorityGrouping
 .text.HAL_NVIC_SetPriority
                0x000000000800175c       0x70 CMakeFiles/STM32F401-t1.elf.dir/Drivers/STM32F4xx_HAL_Driver/Src/stm32f4xx_hal_cortex.c.obj
                0x000000000800175c                HAL_NVIC_SetPriority
 .text.HAL_NVIC_EnableIRQ
                0x00000000080017cc       0x1c CMakeFiles/STM32F401-t1.elf.dir/Drivers/STM32F4xx_HAL_Driver/Src/stm32f4xx_hal_cortex.c.obj
                0x00000000080017cc                HAL_NVIC_EnableIRQ
 .text.HAL_SYSTICK_Config
                0x00000000080017e8       0x28 CMakeFiles/STM32F401-t1.elf.dir/Drivers/STM32F4xx_HAL_Driver/Src/stm32f4xx_hal_cortex.c.obj
                0x00000000080017e8                HAL_SYSTICK_Config
 .text.DMA_SetConfig
                0x0000000008001810       0x2c CMakeFiles/STM32F401-t1.elf.dir/Drivers/STM32F4xx_HAL_Driver/Src/stm32f4xx_hal_dma.c.obj
 .text.DMA_CalcBaseAndBitshift
                0x000000000800183c       0x40 CMakeFiles/STM32F401-t1.elf.dir/Drivers/STM32F4xx_HAL_Driver/Src/stm32f4xx_hal_dma.c.obj
 .text.DMA_CheckFifoParam
                0x000000000800187c       0x8e CMakeFiles/STM32F401-t1.elf.dir/Drivers/STM32F4xx_HAL_Driver/Src/stm32f4xx_hal_dma.c.obj
 *fill*         0x000000000800190a        0x2 
 .text.HAL_DMA_Init
                0x000000000800190c       0xcc CMakeFiles/STM32F401-t1.elf.dir/Drivers/STM32F4xx_HAL_Driver/Src/stm32f4xx_hal_dma.c.obj
                0x000000000800190c                HAL_DMA_Init
 .text.HAL_DMA_Start_IT
                0x00000000080019d8       0x6a CMakeFiles/STM32F401-t1.elf.dir/Drivers/STM32F4xx_HAL_Driver/Src/stm32f4xx_hal_dma.c.obj
                0x00000000080019d8                HAL_DMA_Start_IT
 *fill*         0x0000000008001a42        0x2 
 .text.HAL_DMA_IRQHandler
                0x0000000008001a44      0x1dc CMakeFiles/STM32F401-t1.elf.dir/Drivers/STM32F4xx_HAL_Driver/Src/stm32f4xx_hal_dma.c.obj
                0x0000000008001a44                HAL_DMA_IRQHandler
 .text.HAL_GPIO_Init
                0x0000000008001c20      0x1c0 CMakeFiles/STM32F401-t1.elf.dir/Drivers/STM32F4xx_HAL_Driver/Src/stm32f4xx_hal_gpio.c.obj
                0x0000000008001c20                HAL_GPIO_Init
 .text.HAL_GPIO_WritePin
                0x0000000008001de0        0xc CMakeFiles/STM32F401-t1.elf.dir/Drivers/STM32F4xx_HAL_Driver/Src/stm32f4xx_hal_gpio.c.obj
                0x0000000008001de0                HAL_GPIO_WritePin
 .text.HAL_RCC_OscConfig
                0x0000000008001dec      0x3f8 CMakeFiles/STM32F401-t1.elf.dir/Drivers/STM32F4xx_HAL_Driver/Src/stm32f4xx_hal_rcc.c.obj
                0x0000000008001dec                HAL_RCC_OscConfig
 .text.HAL_RCC_GetSysClockFreq
                0x00000000080021e4       0xa4 CMakeFiles/STM32F401-t1.elf.dir/Drivers/STM32F4xx_HAL_Driver/Src/stm32f4xx_hal_rcc.c.obj
                0x00000000080021e4                HAL_RCC_GetSysClockFreq
 .text.HAL_RCC_ClockConfig
                0x0000000008002288      0x160 CMakeFiles/STM32F401-t1.elf.dir/Drivers/STM32F4xx_HAL_Driver/Src/stm32f4xx_hal_rcc.c.obj
                0x0000000008002288                HAL_RCC_ClockConfig
 .text.SPI_WaitFlagStateUntilTimeout
                0x00000000080023e8       0xd4 CMakeFiles/STM32F401-t1.elf.dir/Drivers/STM32F4xx_HAL_Driver/Src/stm32f4xx_hal_spi.c.obj
 .text.SPI_EndRxTxTransaction
                0x00000000080024bc       0x68 CMakeFiles/STM32F401-t1.elf.dir/Drivers/STM32F4xx_HAL_Driver/Src/stm32f4xx_hal_spi.c.obj
 .text.HAL_SPI_Init
                0x0000000008002524       0xbe CMakeFiles/STM32F401-t1.elf.dir/Drivers/STM32F4xx_HAL_Driver/Src/stm32f4xx_hal_spi.c.obj
                0x0000000008002524                HAL_SPI_Init
 .text.HAL_SPI_Transmit
                0x00000000080025e2      0x1b8 CMakeFiles/STM32F401-t1.elf.dir/Drivers/STM32F4xx_HAL_Driver/Src/stm32f4xx_hal_spi.c.obj
                0x00000000080025e2                HAL_SPI_Transmit
 *fill*         0x000000000800279a        0x2 
 .text.HAL_SPI_Transmit_DMA
                0x000000000800279c       0xe0 CMakeFiles/STM32F401-t1.elf.dir/Drivers/STM32F4xx_HAL_Driver/Src/stm32f4xx_hal_spi.c.obj
                0x000000000800279c                HAL_SPI_Transmit_DMA
 .text.HAL_SPI_TxCpltCallback
                0x000000000800287c        0x2 CMakeFiles/STM32F401-t1.elf.dir/Drivers/STM32F4xx_HAL_Driver/Src/stm32f4xx_hal_spi.c.obj
                0x000000000800287c                HAL_SPI_TxCpltCallback
 .text.HAL_SPI_TxHalfCpltCallback
                0x000000000800287e        0x2 CMakeFiles/STM32F401-t1.elf.dir/Drivers/STM32F4xx_HAL_Driver/Src/stm32f4xx_hal_spi.c.obj
                0x000000000800287e                HAL_SPI_TxHalfCpltCallback
 .text.SPI_DMAHalfTransmitCplt
                0x0000000008002880        0xa CMakeFiles/STM32F401-t1.elf.dir/Drivers/STM32F4xx_HAL_Driver/Src/stm32f4xx_hal_spi.c.obj
 .text.HAL_SPI_ErrorCallback
                0x000000000800288a        0x2 CMakeFiles/STM32F401-t1.elf.dir/Drivers/STM32F4xx_HAL_Driver/Src/stm32f4xx_hal_spi.c.obj
                0x000000000800288a                HAL_SPI_ErrorCallback
 .text.SPI_DMAError
                0x000000000800288c       0x22 CMakeFiles/STM32F401-t1.elf.dir/Drivers/STM32F4xx_HAL_Driver/Src/stm32f4xx_hal_spi.c.obj
 .text.SPI_DMATransmitCplt
                0x00000000080028ae       0x70 CMakeFiles/STM32F401-t1.elf.dir/Drivers/STM32F4xx_HAL_Driver/Src/stm32f4xx_hal_spi.c.obj
 *fill*         0x000000000800291e        0x2 
 .text.__libc_init_array
                0x0000000008002920       0x48 /opt/homebrew/Cellar/arm-none-eabi-gcc/10.3-2021.07/gcc/bin/../lib/gcc/arm-none-eabi/10.3.1/../../../../arm-none-eabi/lib/thumb/v7e-m/nofp/libg.a(lib_a-init.o)
                0x0000000008002920                __libc_init_array
 .text.memset   0x0000000008002968       0xa4 /opt/homebrew/Cellar/arm-none-eabi-gcc/10.3-2021.07/gcc/bin/../lib/gcc/arm-none-eabi/10.3.1/../../../../arm-none-eabi/lib/thumb/v7e-m/nofp/libg.a(lib_a-memset.o)
                0x0000000008002968                memset
 .text.startup.register_fini
                0x0000000008002a0c       0x14 /opt/homebrew/Cellar/arm-none-eabi-gcc/10.3-2021.07/gcc/bin/../lib/gcc/arm-none-eabi/10.3.1/../../../../arm-none-eabi/lib/thumb/v7e-m/nofp/libg.a(lib_a-__call_atexit.o)
 .text.atexit   0x0000000008002a20        0xc /opt/homebrew/Cellar/arm-none-eabi-gcc/10.3-2021.07/gcc/bin/../lib/gcc/arm-none-eabi/10.3.1/../../../../arm-none-eabi/lib/thumb/v7e-m/nofp/libg.a(lib_a-atexit.o)
                0x0000000008002a20                atexit
 .text.__libc_fini_array
                0x0000000008002a2c       0x2c /opt/homebrew/Cellar/arm-none-eabi-gcc/10.3-2021.07/gcc/bin/../lib/gcc/arm-none-eabi/10.3.1/../../../../arm-none-eabi/lib/thumb/v7e-m/nofp/libg.a(lib_a-fini.o)
                0x0000000008002a2c                __libc_fini_array
 .text.__retarget_lock_acquire_recursive
                0x0000000008002a58        0x4 /opt/homebrew/Cellar/arm-none-eabi-gcc/10.3-2021.07/gcc/bin/../lib/gcc/arm-none-eabi/10.3.1/../../../../arm-none-eabi/lib/thumb/v7e-m/nofp/libg.a(lib_a-lock.o)
                0x0000000008002a58                __retarget_lock_acquire_recursive
 .text.__retarget_lock_release_recursive
                0x0000000008002a5c        0x4 /opt/homebrew/Cellar/arm-none-eabi-gcc/10.3-2021.07/gcc/bin/../lib/gcc/arm-none-eabi/10.3.1/../../../../arm-none-eabi/lib/thumb/v7e-m/nofp/libg.a(lib_a-lock.o)
                0x0000000008002a5c                __retarget_lock_release_recursive
 .text.__register_exitproc
                0x0000000008002a60       0x8c /opt/homebrew/Cellar/arm-none-eabi-gcc/10.3-2021.07/gcc/bin/../lib/gcc/arm-none-eabi/10.3.1/../../../../arm-none-eabi/lib/thumb/v7e-m/nofp/libg.a(lib_a-__atexit.o)
                0x0000000008002a60                __register_exitproc
 *(.glue_7)
 .glue_7        0x0000000008002aec        0x0 linker stubs
 *(.glue_7t)
 .glue_7t       0x0000000008002aec        0x0 linker stubs
 *(.eh_frame)
 .eh_frame      0x0000000008002aec        0x0 /opt/homebrew/Cellar/arm-none-eabi-gcc/10.3-2021.07/gcc/bin/../lib/gcc/arm-none-eabi/10.3.1/thumb/v7e-m/nofp/crtbegin.o
 *(.init)
 .init          0x0000000008002aec        0x4 /opt/homebrew/Cellar/arm-none-eabi-gcc/10.3-2021.07/gcc/bin/../lib/gcc/arm-none-eabi/10.3.1/thumb/v7e-m/nofp/crti.o
                0x0000000008002aec                _init
 .init          0x0000000008002af0        0x8 /opt/homebrew/Cellar/arm-none-eabi-gcc/10.3-2021.07/gcc/bin/../lib/gcc/arm-none-eabi/10.3.1/thumb/v7e-m/nofp/crtn.o
 *(.fini)
 .fini          0x0000000008002af8        0x4 /opt/homebrew/Cellar/arm-none-eabi-gcc/10.3-2021.07/gcc/bin/../lib/gcc/arm-none-eabi/10.3.1/thumb/v7e-m/nofp/crti.o
                0x0000000008002af8                _fini
 .fini          0x0000000008002afc        0x8 /opt/homebrew/Cellar/arm-none-eabi-gcc/10.3-2021.07/gcc/bin/../lib/gcc/arm-none-eabi/10.3.1/thumb/v7e-m/nofp/crtn.o
                0x0000000008002b04                . = ALIGN (0x4)
                0x0000000008002b04                _etext = .

.vfp11_veneer   0x0000000008002b04        0x0
 .vfp11_veneer  0x0000000008002b04        0x0 linker stubs

.v4_bx          0x0000000008002b04        0x0
 .v4_bx         0x0000000008002b04        0x0 linker stubs

.iplt           0x0000000008002b04        0x0
 .iplt          0x0000000008002b04        0x0 /opt/homebrew/Cellar/arm-none-eabi-gcc/10.3-2021.07/gcc/bin/../lib/gcc/arm-none-eabi/10.3.1/thumb/v7e-m/nofp/crtbegin.o

.rodata         0x0000000008002b04     0xa8c8
                0x0000000008002b04                . = ALIGN (0x4)
 *(.rodata)
 .rodata        0x0000000008002b04        0x5 CMakeFiles/STM32F401-t1.elf.dir/Core/Src/ST7789/st7789.c.obj
 *(.rodata*)
 *fill*         0x0000000008002b09        0x3 
 .rodata.Font11x18
                0x0000000008002b0c      0xd5c CMakeFiles/STM32F401-t1.elf.dir/Core/Src/ST7789/fonts.c.obj
 .rodata.Font16x26
                0x0000000008003868     0x134c CMakeFiles/STM32F401-t1.elf.dir/Core/Src/ST7789/fonts.c.obj
 .rodata.Font7x10
                0x0000000008004bb4      0x76c CMakeFiles/STM32F401-t1.elf.dir/Core/Src/ST7789/fonts.c.obj
 .rodata.saber  0x0000000008005320     0x8000 CMakeFiles/STM32F401-t1.elf.dir/Core/Src/ST7789/fonts.c.obj
                0x0000000008005320                saber
 .rodata.ST7789_Init.str1.4
                0x000000000800d320       0x1f CMakeFiles/STM32F401-t1.elf.dir/Core/Src/ST7789/st7789.c.obj
 *fill*         0x000000000800d33f        0x1 
 .rodata.ST7789_Test.str1.4
                0x000000000800d340       0x6f CMakeFiles/STM32F401-t1.elf.dir/Core/Src/ST7789/st7789.c.obj
 *fill*         0x000000000800d3af        0x1 
 .rodata.AHBPrescTable
                0x000000000800d3b0       0x10 CMakeFiles/STM32F401-t1.elf.dir/Core/Src/system_stm32f4xx.c.obj
                0x000000000800d3b0                AHBPrescTable
 .rodata.flagBitshiftOffset.0
                0x000000000800d3c0        0x8 CMakeFiles/STM32F401-t1.elf.dir/Drivers/STM32F4xx_HAL_Driver/Src/stm32f4xx_hal_dma.c.obj
 .rodata._global_impure_ptr
                0x000000000800d3c8        0x4 /opt/homebrew/Cellar/arm-none-eabi-gcc/10.3-2021.07/gcc/bin/../lib/gcc/arm-none-eabi/10.3.1/../../../../arm-none-eabi/lib/thumb/v7e-m/nofp/libg.a(lib_a-impure.o)
                0x000000000800d3c8                _global_impure_ptr
                0x000000000800d3cc                . = ALIGN (0x4)

.ARM.extab      0x000000000800d3cc        0x0
                0x000000000800d3cc                . = ALIGN (0x4)
 *(.ARM.extab* .gnu.linkonce.armextab.*)
                0x000000000800d3cc                . = ALIGN (0x4)

.ARM            0x000000000800d3cc        0x8
                0x000000000800d3cc                . = ALIGN (0x4)
                0x000000000800d3cc                __exidx_start = .
 *(.ARM.exidx*)
 .ARM.exidx     0x000000000800d3cc        0x8 /opt/homebrew/Cellar/arm-none-eabi-gcc/10.3-2021.07/gcc/bin/../lib/gcc/arm-none-eabi/10.3.1/thumb/v7e-m/nofp/libgcc.a(_udivmoddi4.o)
                0x000000000800d3d4                __exidx_end = .
                0x000000000800d3d4                . = ALIGN (0x4)

.rel.dyn        0x000000000800d3d4        0x0
 .rel.iplt      0x000000000800d3d4        0x0 /opt/homebrew/Cellar/arm-none-eabi-gcc/10.3-2021.07/gcc/bin/../lib/gcc/arm-none-eabi/10.3.1/thumb/v7e-m/nofp/crtbegin.o

.preinit_array  0x000000000800d3d4        0x0
                0x000000000800d3d4                . = ALIGN (0x4)
                0x000000000800d3d4                PROVIDE (__preinit_array_start = .)
 *(.preinit_array*)
                0x000000000800d3d4                PROVIDE (__preinit_array_end = .)
                0x000000000800d3d4                . = ALIGN (0x4)

.init_array     0x000000000800d3d4        0x8
                0x000000000800d3d4                . = ALIGN (0x4)
                0x000000000800d3d4                PROVIDE (__init_array_start = .)
 *(SORT_BY_NAME(.init_array.*))
 .init_array.00000
                0x000000000800d3d4        0x4 /opt/homebrew/Cellar/arm-none-eabi-gcc/10.3-2021.07/gcc/bin/../lib/gcc/arm-none-eabi/10.3.1/../../../../arm-none-eabi/lib/thumb/v7e-m/nofp/libg.a(lib_a-__call_atexit.o)
 *(.init_array*)
 .init_array    0x000000000800d3d8        0x4 /opt/homebrew/Cellar/arm-none-eabi-gcc/10.3-2021.07/gcc/bin/../lib/gcc/arm-none-eabi/10.3.1/thumb/v7e-m/nofp/crtbegin.o
                0x000000000800d3dc                PROVIDE (__init_array_end = .)
                0x000000000800d3dc                . = ALIGN (0x4)

.fini_array     0x000000000800d3dc        0x4
                0x000000000800d3dc                . = ALIGN (0x4)
                0x000000000800d3dc                PROVIDE (__fini_array_start = .)
 *(SORT_BY_NAME(.fini_array.*))
 *(.fini_array*)
 .fini_array    0x000000000800d3dc        0x4 /opt/homebrew/Cellar/arm-none-eabi-gcc/10.3-2021.07/gcc/bin/../lib/gcc/arm-none-eabi/10.3.1/thumb/v7e-m/nofp/crtbegin.o
                0x000000000800d3e0                PROVIDE (__fini_array_end = .)
                0x000000000800d3e0                . = ALIGN (0x4)
                0x000000000800d3e0                _sidata = LOADADDR (.data)

.data           0x0000000020000000      0x454 load address 0x000000000800d3e0
                0x0000000020000000                . = ALIGN (0x4)
                0x0000000020000000                _sdata = .
 *(.data)
 *(.data*)
 .data.Font_11x18
                0x0000000020000000        0x8 CMakeFiles/STM32F401-t1.elf.dir/Core/Src/ST7789/fonts.c.obj
                0x0000000020000000                Font_11x18
 .data.Font_16x26
                0x0000000020000008        0x8 CMakeFiles/STM32F401-t1.elf.dir/Core/Src/ST7789/fonts.c.obj
                0x0000000020000008                Font_16x26
 .data.Font_7x10
                0x0000000020000010        0x8 CMakeFiles/STM32F401-t1.elf.dir/Core/Src/ST7789/fonts.c.obj
                0x0000000020000010                Font_7x10
 .data.DMA_MIN_SIZE
                0x0000000020000018        0x2 CMakeFiles/STM32F401-t1.elf.dir/Core/Src/ST7789/st7789.c.obj
                0x0000000020000018                DMA_MIN_SIZE
 *fill*         0x000000002000001a        0x2 
 .data.SystemCoreClock
                0x000000002000001c        0x4 CMakeFiles/STM32F401-t1.elf.dir/Core/Src/system_stm32f4xx.c.obj
                0x000000002000001c                SystemCoreClock
 .data.uwTickFreq
                0x0000000020000020        0x1 CMakeFiles/STM32F401-t1.elf.dir/Drivers/STM32F4xx_HAL_Driver/Src/stm32f4xx_hal.c.obj
                0x0000000020000020                uwTickFreq
 *fill*         0x0000000020000021        0x3 
 .data.uwTickPrio
                0x0000000020000024        0x4 CMakeFiles/STM32F401-t1.elf.dir/Drivers/STM32F4xx_HAL_Driver/Src/stm32f4xx_hal.c.obj
                0x0000000020000024                uwTickPrio
 .data.impure_data
                0x0000000020000028      0x428 /opt/homebrew/Cellar/arm-none-eabi-gcc/10.3-2021.07/gcc/bin/../lib/gcc/arm-none-eabi/10.3.1/../../../../arm-none-eabi/lib/thumb/v7e-m/nofp/libg.a(lib_a-impure.o)
 .data.__atexit_recursive_mutex
                0x0000000020000450        0x4 /opt/homebrew/Cellar/arm-none-eabi-gcc/10.3-2021.07/gcc/bin/../lib/gcc/arm-none-eabi/10.3.1/../../../../arm-none-eabi/lib/thumb/v7e-m/nofp/libg.a(lib_a-__call_atexit.o)
                0x0000000020000450                __atexit_recursive_mutex
 *(.RamFunc)
 *(.RamFunc*)
                0x0000000020000454                . = ALIGN (0x4)
                0x0000000020000454                _edata = .

.igot.plt       0x0000000020000454        0x0 load address 0x000000000800d834
 .igot.plt      0x0000000020000454        0x0 /opt/homebrew/Cellar/arm-none-eabi-gcc/10.3-2021.07/gcc/bin/../lib/gcc/arm-none-eabi/10.3.1/thumb/v7e-m/nofp/crtbegin.o
                0x0000000020000454                . = ALIGN (0x4)

.bss            0x0000000020000454      0xdbc load address 0x000000000800d834
                0x0000000020000454                _sbss = .
                0x0000000020000454                __bss_start__ = _sbss
 *(.bss)
 .bss           0x0000000020000454       0x1c /opt/homebrew/Cellar/arm-none-eabi-gcc/10.3-2021.07/gcc/bin/../lib/gcc/arm-none-eabi/10.3.1/thumb/v7e-m/nofp/crtbegin.o
 *(.bss*)
 .bss.disp_buf  0x0000000020000470      0xc80 CMakeFiles/STM32F401-t1.elf.dir/Core/Src/ST7789/st7789.c.obj
                0x0000000020000470                disp_buf
 .bss.hdma_spi1_rx
                0x00000000200010f0       0x60 CMakeFiles/STM32F401-t1.elf.dir/Core/Src/spi.c.obj
                0x00000000200010f0                hdma_spi1_rx
 .bss.hdma_spi1_tx
                0x0000000020001150       0x60 CMakeFiles/STM32F401-t1.elf.dir/Core/Src/spi.c.obj
                0x0000000020001150                hdma_spi1_tx
 .bss.hspi1     0x00000000200011b0       0x58 CMakeFiles/STM32F401-t1.elf.dir/Core/Src/spi.c.obj
                0x00000000200011b0                hspi1
 .bss.uwTick    0x0000000020001208        0x4 CMakeFiles/STM32F401-t1.elf.dir/Drivers/STM32F4xx_HAL_Driver/Src/stm32f4xx_hal.c.obj
                0x0000000020001208                uwTick
 .bss.__lock___atexit_recursive_mutex
                0x000000002000120c        0x1 /opt/homebrew/Cellar/arm-none-eabi-gcc/10.3-2021.07/gcc/bin/../lib/gcc/arm-none-eabi/10.3.1/../../../../arm-none-eabi/lib/thumb/v7e-m/nofp/libg.a(lib_a-lock.o)
                0x000000002000120c                __lock___atexit_recursive_mutex
 *(COMMON)
                0x0000000020001210                . = ALIGN (0x4)
 *fill*         0x000000002000120d        0x3 
                0x0000000020001210                _ebss = .
                0x0000000020001210                __bss_end__ = _ebss

._user_heap_stack
                0x0000000020001210      0x600 load address 0x000000000800d834
                0x0000000020001210                . = ALIGN (0x8)
                [!provide]                        PROVIDE (end = .)
                0x0000000020001210                PROVIDE (_end = .)
                0x0000000020001410                . = (. + _Min_Heap_Size)
 *fill*         0x0000000020001210      0x200 
                0x0000000020001810                . = (. + _Min_Stack_Size)
 *fill*         0x0000000020001410      0x400 
                0x0000000020001810                . = ALIGN (0x8)

/DISCARD/
 libc.a(*)
 libm.a(*)
 libgcc.a(*)

.ARM.attributes
                0x0000000000000000       0x2a
 *(.ARM.attributes)
 .ARM.attributes
                0x0000000000000000       0x1e /opt/homebrew/Cellar/arm-none-eabi-gcc/10.3-2021.07/gcc/bin/../lib/gcc/arm-none-eabi/10.3.1/thumb/v7e-m/nofp/crti.o
 .ARM.attributes
                0x000000000000001e       0x2e /opt/homebrew/Cellar/arm-none-eabi-gcc/10.3-2021.07/gcc/bin/../lib/gcc/arm-none-eabi/10.3.1/thumb/v7e-m/nofp/crtbegin.o
 .ARM.attributes
                0x000000000000004c       0x33 CMakeFiles/STM32F401-t1.elf.dir/Core/Src/ST7789/fonts.c.obj
 .ARM.attributes
                0x000000000000007f       0x2e CMakeFiles/STM32F401-t1.elf.dir/Core/Src/ST7789/st7789.c.obj
 .ARM.attributes
                0x00000000000000ad       0x2e CMakeFiles/STM32F401-t1.elf.dir/Core/Src/dma.c.obj
 .ARM.attributes
                0x00000000000000db       0x2e CMakeFiles/STM32F401-t1.elf.dir/Core/Src/gpio.c.obj
 .ARM.attributes
                0x0000000000000109       0x2e CMakeFiles/STM32F401-t1.elf.dir/Core/Src/main.c.obj
 .ARM.attributes
                0x0000000000000137       0x2e CMakeFiles/STM32F401-t1.elf.dir/Core/Src/spi.c.obj
 .ARM.attributes
                0x0000000000000165       0x2e CMakeFiles/STM32F401-t1.elf.dir/Core/Src/stm32f4xx_hal_msp.c.obj
 .ARM.attributes
                0x0000000000000193       0x2e CMakeFiles/STM32F401-t1.elf.dir/Core/Src/stm32f4xx_it.c.obj
 .ARM.attributes
                0x00000000000001c1       0x2e CMakeFiles/STM32F401-t1.elf.dir/Core/Src/system_stm32f4xx.c.obj
 .ARM.attributes
                0x00000000000001ef       0x21 CMakeFiles/STM32F401-t1.elf.dir/Core/Startup/startup_stm32f401rctx.s.obj
 .ARM.attributes
                0x0000000000000210       0x2e CMakeFiles/STM32F401-t1.elf.dir/Drivers/STM32F4xx_HAL_Driver/Src/stm32f4xx_hal.c.obj
 .ARM.attributes
                0x000000000000023e       0x2e CMakeFiles/STM32F401-t1.elf.dir/Drivers/STM32F4xx_HAL_Driver/Src/stm32f4xx_hal_cortex.c.obj
 .ARM.attributes
                0x000000000000026c       0x2e CMakeFiles/STM32F401-t1.elf.dir/Drivers/STM32F4xx_HAL_Driver/Src/stm32f4xx_hal_dma.c.obj
 .ARM.attributes
                0x000000000000029a       0x2e CMakeFiles/STM32F401-t1.elf.dir/Drivers/STM32F4xx_HAL_Driver/Src/stm32f4xx_hal_gpio.c.obj
 .ARM.attributes
                0x00000000000002c8       0x2e CMakeFiles/STM32F401-t1.elf.dir/Drivers/STM32F4xx_HAL_Driver/Src/stm32f4xx_hal_rcc.c.obj
 .ARM.attributes
                0x00000000000002f6       0x2e CMakeFiles/STM32F401-t1.elf.dir/Drivers/STM32F4xx_HAL_Driver/Src/stm32f4xx_hal_spi.c.obj
 .ARM.attributes
                0x0000000000000324       0x1e /opt/homebrew/Cellar/arm-none-eabi-gcc/10.3-2021.07/gcc/bin/../lib/gcc/arm-none-eabi/10.3.1/thumb/v7e-m/nofp/libgcc.a(_aeabi_uldivmod.o)
 .ARM.attributes
                0x0000000000000342       0x2e /opt/homebrew/Cellar/arm-none-eabi-gcc/10.3-2021.07/gcc/bin/../lib/gcc/arm-none-eabi/10.3.1/thumb/v7e-m/nofp/libgcc.a(_udivmoddi4.o)
 .ARM.attributes
                0x0000000000000370       0x1e /opt/homebrew/Cellar/arm-none-eabi-gcc/10.3-2021.07/gcc/bin/../lib/gcc/arm-none-eabi/10.3.1/thumb/v7e-m/nofp/libgcc.a(_dvmd_tls.o)
 .ARM.attributes
                0x000000000000038e       0x2e /opt/homebrew/Cellar/arm-none-eabi-gcc/10.3-2021.07/gcc/bin/../lib/gcc/arm-none-eabi/10.3.1/../../../../arm-none-eabi/lib/thumb/v7e-m/nofp/libg.a(lib_a-impure.o)
 .ARM.attributes
                0x00000000000003bc       0x2e /opt/homebrew/Cellar/arm-none-eabi-gcc/10.3-2021.07/gcc/bin/../lib/gcc/arm-none-eabi/10.3.1/../../../../arm-none-eabi/lib/thumb/v7e-m/nofp/libg.a(lib_a-init.o)
 .ARM.attributes
                0x00000000000003ea       0x2e /opt/homebrew/Cellar/arm-none-eabi-gcc/10.3-2021.07/gcc/bin/../lib/gcc/arm-none-eabi/10.3.1/../../../../arm-none-eabi/lib/thumb/v7e-m/nofp/libg.a(lib_a-memset.o)
 .ARM.attributes
                0x0000000000000418       0x2e /opt/homebrew/Cellar/arm-none-eabi-gcc/10.3-2021.07/gcc/bin/../lib/gcc/arm-none-eabi/10.3.1/../../../../arm-none-eabi/lib/thumb/v7e-m/nofp/libg.a(lib_a-__call_atexit.o)
 .ARM.attributes
                0x0000000000000446       0x2e /opt/homebrew/Cellar/arm-none-eabi-gcc/10.3-2021.07/gcc/bin/../lib/gcc/arm-none-eabi/10.3.1/../../../../arm-none-eabi/lib/thumb/v7e-m/nofp/libg.a(lib_a-atexit.o)
 .ARM.attributes
                0x0000000000000474       0x2e /opt/homebrew/Cellar/arm-none-eabi-gcc/10.3-2021.07/gcc/bin/../lib/gcc/arm-none-eabi/10.3.1/../../../../arm-none-eabi/lib/thumb/v7e-m/nofp/libg.a(lib_a-fini.o)
 .ARM.attributes
                0x00000000000004a2       0x2e /opt/homebrew/Cellar/arm-none-eabi-gcc/10.3-2021.07/gcc/bin/../lib/gcc/arm-none-eabi/10.3.1/../../../../arm-none-eabi/lib/thumb/v7e-m/nofp/libg.a(lib_a-lock.o)
 .ARM.attributes
                0x00000000000004d0       0x2e /opt/homebrew/Cellar/arm-none-eabi-gcc/10.3-2021.07/gcc/bin/../lib/gcc/arm-none-eabi/10.3.1/../../../../arm-none-eabi/lib/thumb/v7e-m/nofp/libg.a(lib_a-__atexit.o)
 .ARM.attributes
                0x00000000000004fe       0x1e /opt/homebrew/Cellar/arm-none-eabi-gcc/10.3-2021.07/gcc/bin/../lib/gcc/arm-none-eabi/10.3.1/thumb/v7e-m/nofp/crtn.o
OUTPUT(STM32F401-t1.elf elf32-littlearm)
LOAD linker stubs
LOAD /opt/homebrew/Cellar/arm-none-eabi-gcc/10.3-2021.07/gcc/bin/../lib/gcc/arm-none-eabi/10.3.1/../../../../arm-none-eabi/lib/thumb/v7e-m/nofp/libc.a
LOAD /opt/homebrew/Cellar/arm-none-eabi-gcc/10.3-2021.07/gcc/bin/../lib/gcc/arm-none-eabi/10.3.1/../../../../arm-none-eabi/lib/thumb/v7e-m/nofp/libm.a
LOAD /opt/homebrew/Cellar/arm-none-eabi-gcc/10.3-2021.07/gcc/bin/../lib/gcc/arm-none-eabi/10.3.1/thumb/v7e-m/nofp/libgcc.a

.debug_info     0x0000000000000000     0xa971
 .debug_info    0x0000000000000000      0x1fa CMakeFiles/STM32F401-t1.elf.dir/Core/Src/ST7789/fonts.c.obj
 .debug_info    0x00000000000001fa     0x2add CMakeFiles/STM32F401-t1.elf.dir/Core/Src/ST7789/st7789.c.obj
 .debug_info    0x0000000000002cd7      0x4c8 CMakeFiles/STM32F401-t1.elf.dir/Core/Src/dma.c.obj
 .debug_info    0x000000000000319f      0x486 CMakeFiles/STM32F401-t1.elf.dir/Core/Src/gpio.c.obj
 .debug_info    0x0000000000003625      0x77f CMakeFiles/STM32F401-t1.elf.dir/Core/Src/main.c.obj
 .debug_info    0x0000000000003da4      0xad4 CMakeFiles/STM32F401-t1.elf.dir/Core/Src/spi.c.obj
 .debug_info    0x0000000000004878      0x2d0 CMakeFiles/STM32F401-t1.elf.dir/Core/Src/stm32f4xx_hal_msp.c.obj
 .debug_info    0x0000000000004b48      0x420 CMakeFiles/STM32F401-t1.elf.dir/Core/Src/stm32f4xx_it.c.obj
 .debug_info    0x0000000000004f68      0x3a9 CMakeFiles/STM32F401-t1.elf.dir/Core/Src/system_stm32f4xx.c.obj
 .debug_info    0x0000000000005311       0x22 CMakeFiles/STM32F401-t1.elf.dir/Core/Startup/startup_stm32f401rctx.s.obj
 .debug_info    0x0000000000005333      0x97a CMakeFiles/STM32F401-t1.elf.dir/Drivers/STM32F4xx_HAL_Driver/Src/stm32f4xx_hal.c.obj
 .debug_info    0x0000000000005cad     0x1002 CMakeFiles/STM32F401-t1.elf.dir/Drivers/STM32F4xx_HAL_Driver/Src/stm32f4xx_hal_cortex.c.obj
 .debug_info    0x0000000000006caf      0xb37 CMakeFiles/STM32F401-t1.elf.dir/Drivers/STM32F4xx_HAL_Driver/Src/stm32f4xx_hal_dma.c.obj
 .debug_info    0x00000000000077e6      0x7d4 CMakeFiles/STM32F401-t1.elf.dir/Drivers/STM32F4xx_HAL_Driver/Src/stm32f4xx_hal_gpio.c.obj
 .debug_info    0x0000000000007fba      0xb29 CMakeFiles/STM32F401-t1.elf.dir/Drivers/STM32F4xx_HAL_Driver/Src/stm32f4xx_hal_rcc.c.obj
 .debug_info    0x0000000000008ae3     0x1e8e CMakeFiles/STM32F401-t1.elf.dir/Drivers/STM32F4xx_HAL_Driver/Src/stm32f4xx_hal_spi.c.obj

.debug_abbrev   0x0000000000000000     0x1bf9
 .debug_abbrev  0x0000000000000000       0xc9 CMakeFiles/STM32F401-t1.elf.dir/Core/Src/ST7789/fonts.c.obj
 .debug_abbrev  0x00000000000000c9      0x2f9 CMakeFiles/STM32F401-t1.elf.dir/Core/Src/ST7789/st7789.c.obj
 .debug_abbrev  0x00000000000003c2      0x126 CMakeFiles/STM32F401-t1.elf.dir/Core/Src/dma.c.obj
 .debug_abbrev  0x00000000000004e8      0x14e CMakeFiles/STM32F401-t1.elf.dir/Core/Src/gpio.c.obj
 .debug_abbrev  0x0000000000000636      0x1ca CMakeFiles/STM32F401-t1.elf.dir/Core/Src/main.c.obj
 .debug_abbrev  0x0000000000000800      0x1db CMakeFiles/STM32F401-t1.elf.dir/Core/Src/spi.c.obj
 .debug_abbrev  0x00000000000009db       0xd1 CMakeFiles/STM32F401-t1.elf.dir/Core/Src/stm32f4xx_hal_msp.c.obj
 .debug_abbrev  0x0000000000000aac      0x138 CMakeFiles/STM32F401-t1.elf.dir/Core/Src/stm32f4xx_it.c.obj
 .debug_abbrev  0x0000000000000be4      0x119 CMakeFiles/STM32F401-t1.elf.dir/Core/Src/system_stm32f4xx.c.obj
 .debug_abbrev  0x0000000000000cfd       0x12 CMakeFiles/STM32F401-t1.elf.dir/Core/Startup/startup_stm32f401rctx.s.obj
 .debug_abbrev  0x0000000000000d0f      0x237 CMakeFiles/STM32F401-t1.elf.dir/Drivers/STM32F4xx_HAL_Driver/Src/stm32f4xx_hal.c.obj
 .debug_abbrev  0x0000000000000f46      0x36a CMakeFiles/STM32F401-t1.elf.dir/Drivers/STM32F4xx_HAL_Driver/Src/stm32f4xx_hal_cortex.c.obj
 .debug_abbrev  0x00000000000012b0      0x282 CMakeFiles/STM32F401-t1.elf.dir/Drivers/STM32F4xx_HAL_Driver/Src/stm32f4xx_hal_dma.c.obj
 .debug_abbrev  0x0000000000001532      0x1ef CMakeFiles/STM32F401-t1.elf.dir/Drivers/STM32F4xx_HAL_Driver/Src/stm32f4xx_hal_gpio.c.obj
 .debug_abbrev  0x0000000000001721      0x28a CMakeFiles/STM32F401-t1.elf.dir/Drivers/STM32F4xx_HAL_Driver/Src/stm32f4xx_hal_rcc.c.obj
 .debug_abbrev  0x00000000000019ab      0x24e CMakeFiles/STM32F401-t1.elf.dir/Drivers/STM32F4xx_HAL_Driver/Src/stm32f4xx_hal_spi.c.obj

.debug_aranges  0x0000000000000000      0x740
 .debug_aranges
                0x0000000000000000       0x18 CMakeFiles/STM32F401-t1.elf.dir/Core/Src/ST7789/fonts.c.obj
 .debug_aranges
                0x0000000000000018       0xd0 CMakeFiles/STM32F401-t1.elf.dir/Core/Src/ST7789/st7789.c.obj
 .debug_aranges
                0x00000000000000e8       0x20 CMakeFiles/STM32F401-t1.elf.dir/Core/Src/dma.c.obj
 .debug_aranges
                0x0000000000000108       0x20 CMakeFiles/STM32F401-t1.elf.dir/Core/Src/gpio.c.obj
 .debug_aranges
                0x0000000000000128       0x30 CMakeFiles/STM32F401-t1.elf.dir/Core/Src/main.c.obj
 .debug_aranges
                0x0000000000000158       0x30 CMakeFiles/STM32F401-t1.elf.dir/Core/Src/spi.c.obj
 .debug_aranges
                0x0000000000000188       0x20 CMakeFiles/STM32F401-t1.elf.dir/Core/Src/stm32f4xx_hal_msp.c.obj
 .debug_aranges
                0x00000000000001a8       0x70 CMakeFiles/STM32F401-t1.elf.dir/Core/Src/stm32f4xx_it.c.obj
 .debug_aranges
                0x0000000000000218       0x28 CMakeFiles/STM32F401-t1.elf.dir/Core/Src/system_stm32f4xx.c.obj
 .debug_aranges
                0x0000000000000240       0x28 CMakeFiles/STM32F401-t1.elf.dir/Core/Startup/startup_stm32f401rctx.s.obj
 .debug_aranges
                0x0000000000000268       0xf0 CMakeFiles/STM32F401-t1.elf.dir/Drivers/STM32F4xx_HAL_Driver/Src/stm32f4xx_hal.c.obj
 .debug_aranges
                0x0000000000000358       0xa8 CMakeFiles/STM32F401-t1.elf.dir/Drivers/STM32F4xx_HAL_Driver/Src/stm32f4xx_hal_cortex.c.obj
 .debug_aranges
                0x0000000000000400       0x90 CMakeFiles/STM32F401-t1.elf.dir/Drivers/STM32F4xx_HAL_Driver/Src/stm32f4xx_hal_dma.c.obj
 .debug_aranges
                0x0000000000000490       0x58 CMakeFiles/STM32F401-t1.elf.dir/Drivers/STM32F4xx_HAL_Driver/Src/stm32f4xx_hal_gpio.c.obj
 .debug_aranges
                0x00000000000004e8       0x88 CMakeFiles/STM32F401-t1.elf.dir/Drivers/STM32F4xx_HAL_Driver/Src/stm32f4xx_hal_rcc.c.obj
 .debug_aranges
                0x0000000000000570      0x1d0 CMakeFiles/STM32F401-t1.elf.dir/Drivers/STM32F4xx_HAL_Driver/Src/stm32f4xx_hal_spi.c.obj

.debug_line     0x0000000000000000     0x7bf6
 .debug_line    0x0000000000000000      0x149 CMakeFiles/STM32F401-t1.elf.dir/Core/Src/ST7789/fonts.c.obj
 .debug_line    0x0000000000000149      0xcec CMakeFiles/STM32F401-t1.elf.dir/Core/Src/ST7789/st7789.c.obj
 .debug_line    0x0000000000000e35      0x246 CMakeFiles/STM32F401-t1.elf.dir/Core/Src/dma.c.obj
 .debug_line    0x000000000000107b      0x277 CMakeFiles/STM32F401-t1.elf.dir/Core/Src/gpio.c.obj
 .debug_line    0x00000000000012f2      0x4c6 CMakeFiles/STM32F401-t1.elf.dir/Core/Src/main.c.obj
 .debug_line    0x00000000000017b8      0x4a7 CMakeFiles/STM32F401-t1.elf.dir/Core/Src/spi.c.obj
 .debug_line    0x0000000000001c5f      0x1df CMakeFiles/STM32F401-t1.elf.dir/Core/Src/stm32f4xx_hal_msp.c.obj
 .debug_line    0x0000000000001e3e      0x392 CMakeFiles/STM32F401-t1.elf.dir/Core/Src/stm32f4xx_it.c.obj
 .debug_line    0x00000000000021d0      0x2a7 CMakeFiles/STM32F401-t1.elf.dir/Core/Src/system_stm32f4xx.c.obj
 .debug_line    0x0000000000002477       0xc2 CMakeFiles/STM32F401-t1.elf.dir/Core/Startup/startup_stm32f401rctx.s.obj
 .debug_line    0x0000000000002539      0x663 CMakeFiles/STM32F401-t1.elf.dir/Drivers/STM32F4xx_HAL_Driver/Src/stm32f4xx_hal.c.obj
 .debug_line    0x0000000000002b9c      0x876 CMakeFiles/STM32F401-t1.elf.dir/Drivers/STM32F4xx_HAL_Driver/Src/stm32f4xx_hal_cortex.c.obj
 .debug_line    0x0000000000003412      0xee6 CMakeFiles/STM32F401-t1.elf.dir/Drivers/STM32F4xx_HAL_Driver/Src/stm32f4xx_hal_dma.c.obj
 .debug_line    0x00000000000042f8      0x784 CMakeFiles/STM32F401-t1.elf.dir/Drivers/STM32F4xx_HAL_Driver/Src/stm32f4xx_hal_gpio.c.obj
 .debug_line    0x0000000000004a7c      0xbd0 CMakeFiles/STM32F401-t1.elf.dir/Drivers/STM32F4xx_HAL_Driver/Src/stm32f4xx_hal_rcc.c.obj
 .debug_line    0x000000000000564c     0x25aa CMakeFiles/STM32F401-t1.elf.dir/Drivers/STM32F4xx_HAL_Driver/Src/stm32f4xx_hal_spi.c.obj

.debug_str      0x0000000000000000     0x2924
 .debug_str     0x0000000000000000      0x22b CMakeFiles/STM32F401-t1.elf.dir/Core/Src/ST7789/fonts.c.obj
                                        0x270 (size before relaxing)
 .debug_str     0x000000000000022b      0x787 CMakeFiles/STM32F401-t1.elf.dir/Core/Src/ST7789/st7789.c.obj
                                        0x9f9 (size before relaxing)
 .debug_str     0x00000000000009b2      0x51c CMakeFiles/STM32F401-t1.elf.dir/Core/Src/dma.c.obj
                                        0x6d9 (size before relaxing)
 .debug_str     0x0000000000000ece       0x9e CMakeFiles/STM32F401-t1.elf.dir/Core/Src/gpio.c.obj
                                        0x3e4 (size before relaxing)
 .debug_str     0x0000000000000f6c      0x225 CMakeFiles/STM32F401-t1.elf.dir/Core/Src/main.c.obj
                                        0x5ce (size before relaxing)
 .debug_str     0x0000000000001191       0xcb CMakeFiles/STM32F401-t1.elf.dir/Core/Src/spi.c.obj
                                        0x8a3 (size before relaxing)
 .debug_str     0x000000000000125c       0x66 CMakeFiles/STM32F401-t1.elf.dir/Core/Src/stm32f4xx_hal_msp.c.obj
                                        0x333 (size before relaxing)
 .debug_str     0x00000000000012c2      0x134 CMakeFiles/STM32F401-t1.elf.dir/Core/Src/stm32f4xx_it.c.obj
                                        0x552 (size before relaxing)
 .debug_str     0x00000000000013f6       0xc1 CMakeFiles/STM32F401-t1.elf.dir/Core/Src/system_stm32f4xx.c.obj
                                        0x399 (size before relaxing)
 .debug_str     0x00000000000014b7       0x70 CMakeFiles/STM32F401-t1.elf.dir/Core/Startup/startup_stm32f401rctx.s.obj
                                         0xbf (size before relaxing)
 .debug_str     0x0000000000001527      0x387 CMakeFiles/STM32F401-t1.elf.dir/Drivers/STM32F4xx_HAL_Driver/Src/stm32f4xx_hal.c.obj
                                        0xa70 (size before relaxing)
 .debug_str     0x00000000000018ae      0x4d9 CMakeFiles/STM32F401-t1.elf.dir/Drivers/STM32F4xx_HAL_Driver/Src/stm32f4xx_hal_cortex.c.obj
                                        0xb30 (size before relaxing)
 .debug_str     0x0000000000001d87      0x316 CMakeFiles/STM32F401-t1.elf.dir/Drivers/STM32F4xx_HAL_Driver/Src/stm32f4xx_hal_dma.c.obj
                                        0x7dc (size before relaxing)
 .debug_str     0x000000000000209d      0x162 CMakeFiles/STM32F401-t1.elf.dir/Drivers/STM32F4xx_HAL_Driver/Src/stm32f4xx_hal_gpio.c.obj
                                        0x558 (size before relaxing)
 .debug_str     0x00000000000021ff      0x1de CMakeFiles/STM32F401-t1.elf.dir/Drivers/STM32F4xx_HAL_Driver/Src/stm32f4xx_hal_rcc.c.obj
                                        0x77e (size before relaxing)
 .debug_str     0x00000000000023dd      0x547 CMakeFiles/STM32F401-t1.elf.dir/Drivers/STM32F4xx_HAL_Driver/Src/stm32f4xx_hal_spi.c.obj
                                        0xc60 (size before relaxing)

.comment        0x0000000000000000       0x49
 .comment       0x0000000000000000       0x49 CMakeFiles/STM32F401-t1.elf.dir/Core/Src/ST7789/fonts.c.obj
                                         0x4a (size before relaxing)
 .comment       0x0000000000000049       0x4a CMakeFiles/STM32F401-t1.elf.dir/Core/Src/ST7789/st7789.c.obj
 .comment       0x0000000000000049       0x4a CMakeFiles/STM32F401-t1.elf.dir/Core/Src/dma.c.obj
 .comment       0x0000000000000049       0x4a CMakeFiles/STM32F401-t1.elf.dir/Core/Src/gpio.c.obj
 .comment       0x0000000000000049       0x4a CMakeFiles/STM32F401-t1.elf.dir/Core/Src/main.c.obj
 .comment       0x0000000000000049       0x4a CMakeFiles/STM32F401-t1.elf.dir/Core/Src/spi.c.obj
 .comment       0x0000000000000049       0x4a CMakeFiles/STM32F401-t1.elf.dir/Core/Src/stm32f4xx_hal_msp.c.obj
 .comment       0x0000000000000049       0x4a CMakeFiles/STM32F401-t1.elf.dir/Core/Src/stm32f4xx_it.c.obj
 .comment       0x0000000000000049       0x4a CMakeFiles/STM32F401-t1.elf.dir/Core/Src/system_stm32f4xx.c.obj
 .comment       0x0000000000000049       0x4a CMakeFiles/STM32F401-t1.elf.dir/Drivers/STM32F4xx_HAL_Driver/Src/stm32f4xx_hal.c.obj
 .comment       0x0000000000000049       0x4a CMakeFiles/STM32F401-t1.elf.dir/Drivers/STM32F4xx_HAL_Driver/Src/stm32f4xx_hal_cortex.c.obj
 .comment       0x0000000000000049       0x4a CMakeFiles/STM32F401-t1.elf.dir/Drivers/STM32F4xx_HAL_Driver/Src/stm32f4xx_hal_dma.c.obj
 .comment       0x0000000000000049       0x4a CMakeFiles/STM32F401-t1.elf.dir/Drivers/STM32F4xx_HAL_Driver/Src/stm32f4xx_hal_gpio.c.obj
 .comment       0x0000000000000049       0x4a CMakeFiles/STM32F401-t1.elf.dir/Drivers/STM32F4xx_HAL_Driver/Src/stm32f4xx_hal_rcc.c.obj
 .comment       0x0000000000000049       0x4a CMakeFiles/STM32F401-t1.elf.dir/Drivers/STM32F4xx_HAL_Driver/Src/stm32f4xx_hal_spi.c.obj

.debug_loc      0x0000000000000000     0x53d0
 .debug_loc     0x0000000000000000     0x14f0 CMakeFiles/STM32F401-t1.elf.dir/Core/Src/ST7789/st7789.c.obj
 .debug_loc     0x00000000000014f0       0x71 CMakeFiles/STM32F401-t1.elf.dir/Core/Src/spi.c.obj
 .debug_loc     0x0000000000001561      0x158 CMakeFiles/STM32F401-t1.elf.dir/Core/Src/system_stm32f4xx.c.obj
 .debug_loc     0x00000000000016b9      0x141 CMakeFiles/STM32F401-t1.elf.dir/Drivers/STM32F4xx_HAL_Driver/Src/stm32f4xx_hal.c.obj
 .debug_loc     0x00000000000017fa      0x744 CMakeFiles/STM32F401-t1.elf.dir/Drivers/STM32F4xx_HAL_Driver/Src/stm32f4xx_hal_cortex.c.obj
 .debug_loc     0x0000000000001f3e      0xbf9 CMakeFiles/STM32F401-t1.elf.dir/Drivers/STM32F4xx_HAL_Driver/Src/stm32f4xx_hal_dma.c.obj
 .debug_loc     0x0000000000002b37      0x520 CMakeFiles/STM32F401-t1.elf.dir/Drivers/STM32F4xx_HAL_Driver/Src/stm32f4xx_hal_gpio.c.obj
 .debug_loc     0x0000000000003057      0x58c CMakeFiles/STM32F401-t1.elf.dir/Drivers/STM32F4xx_HAL_Driver/Src/stm32f4xx_hal_rcc.c.obj
 .debug_loc     0x00000000000035e3     0x1ded CMakeFiles/STM32F401-t1.elf.dir/Drivers/STM32F4xx_HAL_Driver/Src/stm32f4xx_hal_spi.c.obj

.debug_ranges   0x0000000000000000      0x6d0
 .debug_ranges  0x0000000000000000       0xd8 CMakeFiles/STM32F401-t1.elf.dir/Core/Src/ST7789/st7789.c.obj
 .debug_ranges  0x00000000000000d8       0x10 CMakeFiles/STM32F401-t1.elf.dir/Core/Src/dma.c.obj
 .debug_ranges  0x00000000000000e8       0x10 CMakeFiles/STM32F401-t1.elf.dir/Core/Src/gpio.c.obj
 .debug_ranges  0x00000000000000f8       0x20 CMakeFiles/STM32F401-t1.elf.dir/Core/Src/main.c.obj
 .debug_ranges  0x0000000000000118       0x20 CMakeFiles/STM32F401-t1.elf.dir/Core/Src/spi.c.obj
 .debug_ranges  0x0000000000000138       0x10 CMakeFiles/STM32F401-t1.elf.dir/Core/Src/stm32f4xx_hal_msp.c.obj
 .debug_ranges  0x0000000000000148       0x60 CMakeFiles/STM32F401-t1.elf.dir/Core/Src/stm32f4xx_it.c.obj
 .debug_ranges  0x00000000000001a8       0x18 CMakeFiles/STM32F401-t1.elf.dir/Core/Src/system_stm32f4xx.c.obj
 .debug_ranges  0x00000000000001c0       0x20 CMakeFiles/STM32F401-t1.elf.dir/Core/Startup/startup_stm32f401rctx.s.obj
 .debug_ranges  0x00000000000001e0       0xe0 CMakeFiles/STM32F401-t1.elf.dir/Drivers/STM32F4xx_HAL_Driver/Src/stm32f4xx_hal.c.obj
 .debug_ranges  0x00000000000002c0       0xf8 CMakeFiles/STM32F401-t1.elf.dir/Drivers/STM32F4xx_HAL_Driver/Src/stm32f4xx_hal_cortex.c.obj
 .debug_ranges  0x00000000000003b8       0x80 CMakeFiles/STM32F401-t1.elf.dir/Drivers/STM32F4xx_HAL_Driver/Src/stm32f4xx_hal_dma.c.obj
 .debug_ranges  0x0000000000000438       0x48 CMakeFiles/STM32F401-t1.elf.dir/Drivers/STM32F4xx_HAL_Driver/Src/stm32f4xx_hal_gpio.c.obj
 .debug_ranges  0x0000000000000480       0x90 CMakeFiles/STM32F401-t1.elf.dir/Drivers/STM32F4xx_HAL_Driver/Src/stm32f4xx_hal_rcc.c.obj
 .debug_ranges  0x0000000000000510      0x1c0 CMakeFiles/STM32F401-t1.elf.dir/Drivers/STM32F4xx_HAL_Driver/Src/stm32f4xx_hal_spi.c.obj

.debug_frame    0x0000000000000000     0x14c8
 .debug_frame   0x0000000000000000      0x38c CMakeFiles/STM32F401-t1.elf.dir/Core/Src/ST7789/st7789.c.obj
 .debug_frame   0x000000000000038c       0x30 CMakeFiles/STM32F401-t1.elf.dir/Core/Src/dma.c.obj
 .debug_frame   0x00000000000003bc       0x30 CMakeFiles/STM32F401-t1.elf.dir/Core/Src/gpio.c.obj
 .debug_frame   0x00000000000003ec       0x58 CMakeFiles/STM32F401-t1.elf.dir/Core/Src/main.c.obj
 .debug_frame   0x0000000000000444       0x64 CMakeFiles/STM32F401-t1.elf.dir/Core/Src/spi.c.obj
 .debug_frame   0x00000000000004a8       0x28 CMakeFiles/STM32F401-t1.elf.dir/Core/Src/stm32f4xx_hal_msp.c.obj
 .debug_frame   0x00000000000004d0       0xd8 CMakeFiles/STM32F401-t1.elf.dir/Core/Src/stm32f4xx_it.c.obj
 .debug_frame   0x00000000000005a8       0x30 CMakeFiles/STM32F401-t1.elf.dir/Core/Src/system_stm32f4xx.c.obj
 .debug_frame   0x00000000000005d8      0x1ec CMakeFiles/STM32F401-t1.elf.dir/Drivers/STM32F4xx_HAL_Driver/Src/stm32f4xx_hal.c.obj
 .debug_frame   0x00000000000007c4      0x148 CMakeFiles/STM32F401-t1.elf.dir/Drivers/STM32F4xx_HAL_Driver/Src/stm32f4xx_hal_cortex.c.obj
 .debug_frame   0x000000000000090c      0x188 CMakeFiles/STM32F401-t1.elf.dir/Drivers/STM32F4xx_HAL_Driver/Src/stm32f4xx_hal_dma.c.obj
 .debug_frame   0x0000000000000a94       0xd8 CMakeFiles/STM32F401-t1.elf.dir/Drivers/STM32F4xx_HAL_Driver/Src/stm32f4xx_hal_gpio.c.obj
 .debug_frame   0x0000000000000b6c      0x16c CMakeFiles/STM32F401-t1.elf.dir/Drivers/STM32F4xx_HAL_Driver/Src/stm32f4xx_hal_rcc.c.obj
 .debug_frame   0x0000000000000cd8      0x5a4 CMakeFiles/STM32F401-t1.elf.dir/Drivers/STM32F4xx_HAL_Driver/Src/stm32f4xx_hal_spi.c.obj
 .debug_frame   0x000000000000127c       0x2c /opt/homebrew/Cellar/arm-none-eabi-gcc/10.3-2021.07/gcc/bin/../lib/gcc/arm-none-eabi/10.3.1/thumb/v7e-m/nofp/libgcc.a(_aeabi_uldivmod.o)
 .debug_frame   0x00000000000012a8       0x34 /opt/homebrew/Cellar/arm-none-eabi-gcc/10.3-2021.07/gcc/bin/../lib/gcc/arm-none-eabi/10.3.1/thumb/v7e-m/nofp/libgcc.a(_udivmoddi4.o)
 .debug_frame   0x00000000000012dc       0x2c /opt/homebrew/Cellar/arm-none-eabi-gcc/10.3-2021.07/gcc/bin/../lib/gcc/arm-none-eabi/10.3.1/../../../../arm-none-eabi/lib/thumb/v7e-m/nofp/libg.a(lib_a-init.o)
 .debug_frame   0x0000000000001308       0x2c /opt/homebrew/Cellar/arm-none-eabi-gcc/10.3-2021.07/gcc/bin/../lib/gcc/arm-none-eabi/10.3.1/../../../../arm-none-eabi/lib/thumb/v7e-m/nofp/libg.a(lib_a-memset.o)
 .debug_frame   0x0000000000001334       0x5c /opt/homebrew/Cellar/arm-none-eabi-gcc/10.3-2021.07/gcc/bin/../lib/gcc/arm-none-eabi/10.3.1/../../../../arm-none-eabi/lib/thumb/v7e-m/nofp/libg.a(lib_a-__call_atexit.o)
 .debug_frame   0x0000000000001390       0x20 /opt/homebrew/Cellar/arm-none-eabi-gcc/10.3-2021.07/gcc/bin/../lib/gcc/arm-none-eabi/10.3.1/../../../../arm-none-eabi/lib/thumb/v7e-m/nofp/libg.a(lib_a-atexit.o)
 .debug_frame   0x00000000000013b0       0x34 /opt/homebrew/Cellar/arm-none-eabi-gcc/10.3-2021.07/gcc/bin/../lib/gcc/arm-none-eabi/10.3.1/../../../../arm-none-eabi/lib/thumb/v7e-m/nofp/libg.a(lib_a-fini.o)
 .debug_frame   0x00000000000013e4       0xb0 /opt/homebrew/Cellar/arm-none-eabi-gcc/10.3-2021.07/gcc/bin/../lib/gcc/arm-none-eabi/10.3.1/../../../../arm-none-eabi/lib/thumb/v7e-m/nofp/libg.a(lib_a-lock.o)
 .debug_frame   0x0000000000001494       0x34 /opt/homebrew/Cellar/arm-none-eabi-gcc/10.3-2021.07/gcc/bin/../lib/gcc/arm-none-eabi/10.3.1/../../../../arm-none-eabi/lib/thumb/v7e-m/nofp/libg.a(lib_a-__atexit.o)
